Removed Pin From Net: NetName=SGND Pin=C_BYP-2
Removed Pin From Net: NetName=SGND Pin=C_IN-2
Removed Pin From Net: NetName=SGND Pin=C_STOR-2
Added Component: Designator=Q_VB_SEC(FP-SOT523-IPC_B)
Add component (AddParameter): Name = "Case/Package"; Value = "SOT-523"; VariantName = "[No Variations]"
Add component (AddParameter): Name = "Contact Plating"; Value = "Tin"; VariantName = "[No Variations]"
Add component (AddParameter): Name = "Continuous Drain Current (ID)"; Value = "460mA"; VariantName = "[No Variations]"
Add component (AddParameter): Name = "Drain to Source Breakdown Voltage"; Value = "-20V"; VariantName = "[No Variations]"
Add component (AddParameter): Name = "Drain to Source Resistance"; Value = "1R"; VariantName = "[No Variations]"
Add component (AddParameter): Name = "Drain to Source Voltage (Vdss)"; Value = "20V"; VariantName = "[No Variations]"
Add component (AddParameter): Name = "Element Configuration"; Value = "Single"; VariantName = "[No Variations]"
Add component (AddParameter): Name = "Fall Time"; Value = "20.7ns"; VariantName = "[No Variations]"
Add component (AddParameter): Name = "Gate to Source Voltage (Vgs)"; Value = "6V"; VariantName = "[No Variations]"
Add component (AddParameter): Name = "Height"; Value = "0.8mm"; VariantName = "[No Variations]"
Add component (AddParameter): Name = "Input Capacitance"; Value = "59.76pF"; VariantName = "[No Variations]"
Add component (AddParameter): Name = "Lead Free"; Value = "Lead Free"; VariantName = "[No Variations]"
Add component (AddParameter): Name = "Length"; Value = "1.7mm"; VariantName = "[No Variations]"
Add component (AddParameter): Name = "Max Operating Temperature"; Value = "150ÅãC"; VariantName = "[No Variations]"
Add component (AddParameter): Name = "Max Power Dissipation"; Value = "270mW"; VariantName = "[No Variations]"
Add component (AddParameter): Name = "Min Operating Temperature"; Value = "-55ÅãC"; VariantName = "[No Variations]"
Add component (AddParameter): Name = "Mount"; Value = "Surface Mount"; VariantName = "[No Variations]"
Add component (AddParameter): Name = "Number of Channels"; Value = "1"; VariantName = "[No Variations]"
Add component (AddParameter): Name = "Number of Elements"; Value = "1"; VariantName = "[No Variations]"
Add component (AddParameter): Name = "Number of Pins"; Value = "3"; VariantName = "[No Variations]"
Add component (AddParameter): Name = "On-State Resistance"; Value = "700mR"; VariantName = "[No Variations]"
Add component (AddParameter): Name = "Package Quantity"; Value = "1"; VariantName = "[No Variations]"
Add component (AddParameter): Name = "Packaging"; Value = "Tape and Reel"; VariantName = "[No Variations]"
Add component (AddParameter): Name = "Power Dissipation"; Value = "270mW"; VariantName = "[No Variations]"
Add component (AddParameter): Name = "Radiation Hardening"; Value = "No"; VariantName = "[No Variations]"
Add component (AddParameter): Name = "Rds On Max"; Value = "700mR"; VariantName = "[No Variations]"
Add component (AddParameter): Name = "REACH SVHC"; Value = "No SVHC"; VariantName = "[No Variations]"
Add component (AddParameter): Name = "Rise Time"; Value = "8.1ns"; VariantName = "[No Variations]"
Add component (AddParameter): Name = "Threshold Voltage"; Value = "-1V"; VariantName = "[No Variations]"
Add component (AddParameter): Name = "Turn-Off Delay Time"; Value = "28.4ns"; VariantName = "[No Variations]"
Add component (AddParameter): Name = "Turn-On Delay Time"; Value = "5.1ns"; VariantName = "[No Variations]"
Add component (AddParameter): Name = "Weight"; Value = "7.1E-05oz"; VariantName = "[No Variations]"
Add component (AddParameter): Name = "Width"; Value = "0.85mm"; VariantName = "[No Variations]"
Add component: Footprint Not Found PCBComponent_1
Add component: Footprint Not Found PCBComponent_1
Added Pin To Net: NetName=PGND Pin=C_BYP-2
Added Pin To Net: NetName=PGND Pin=C_IN-2
Added Pin To Net: NetName=PGND Pin=C_STOR-2
Added Pin To Net: NetName=NetC_BYP_1 Pin=Q_VB_SEC-2
Add Pin To Net: Unknown Pin: Pin SOLAR-+
Add Pin To Net: Unknown Pin: Pin SOLAR--
Add Pin To Net: Unknown Pin: Pin TP_SL-TP
Added Pin To Net: NetName=SGND Pin=U1-5
Added Pin To Net: NetName=PGND Pin=U1-21
Added Pin To Net: NetName=NetQ_VB_SEC_1 Pin=Q_VB_SEC-1
Added Pin To Net: NetName=NetQ_VB_SEC_1 Pin=U1-9
Added Net: Name=NetQ_VB_SEC_1
Added Member To Class: ClassName=Sheet1 Member=Component Q_VB_SEC DMG1013T-7
Add Class Member: Failed to add class member : Component SOLAR Component_1
Add Class Member: Failed to add class member : Component TP_SL TP
