Added Component: Designator=C_MAIN1(FP-GRM32E-0_3-MFG)
Add component (AddParameter): Name = "Capacitance"; Value = "220uF"; VariantName = "[No Variations]"
Add component (AddParameter): Name = "Dielectric"; Value = "X5R"; VariantName = "[No Variations]"
Add component (AddParameter): Name = "Length"; Value = "3.2mm"; VariantName = "[No Variations]"
Add component (AddParameter): Name = "Thickness"; Value = "2.5mm"; VariantName = "[No Variations]"
Add component (AddParameter): Name = "Tolerance"; Value = "20%"; VariantName = "[No Variations]"
Add component (AddParameter): Name = "Voltage Rating (DC)"; Value = "6.3V"; VariantName = "[No Variations]"
Add component (AddParameter): Name = "Width"; Value = "2.5mm"; VariantName = "[No Variations]"
Added Component: Designator=C_MAIN2(FP-GRM32E-0_3-MFG)
Add component (AddParameter): Name = "Capacitance"; Value = "220uF"; VariantName = "[No Variations]"
Add component (AddParameter): Name = "Dielectric"; Value = "X5R"; VariantName = "[No Variations]"
Add component (AddParameter): Name = "Length"; Value = "3.2mm"; VariantName = "[No Variations]"
Add component (AddParameter): Name = "Thickness"; Value = "2.5mm"; VariantName = "[No Variations]"
Add component (AddParameter): Name = "Tolerance"; Value = "20%"; VariantName = "[No Variations]"
Add component (AddParameter): Name = "Voltage Rating (DC)"; Value = "6.3V"; VariantName = "[No Variations]"
Add component (AddParameter): Name = "Width"; Value = "2.5mm"; VariantName = "[No Variations]"
Added Component: Designator=C_MAIN3(FP-GRM32E-0_3-MFG)
Add component (AddParameter): Name = "Capacitance"; Value = "220uF"; VariantName = "[No Variations]"
Add component (AddParameter): Name = "Dielectric"; Value = "X5R"; VariantName = "[No Variations]"
Add component (AddParameter): Name = "Length"; Value = "3.2mm"; VariantName = "[No Variations]"
Add component (AddParameter): Name = "Thickness"; Value = "2.5mm"; VariantName = "[No Variations]"
Add component (AddParameter): Name = "Tolerance"; Value = "20%"; VariantName = "[No Variations]"
Add component (AddParameter): Name = "Voltage Rating (DC)"; Value = "6.3V"; VariantName = "[No Variations]"
Add component (AddParameter): Name = "Width"; Value = "2.5mm"; VariantName = "[No Variations]"
Added Component: Designator=C_MAIN4(FP-GRM32E-0_3-MFG)
Add component (AddParameter): Name = "Capacitance"; Value = "220uF"; VariantName = "[No Variations]"
Add component (AddParameter): Name = "Dielectric"; Value = "X5R"; VariantName = "[No Variations]"
Add component (AddParameter): Name = "Length"; Value = "3.2mm"; VariantName = "[No Variations]"
Add component (AddParameter): Name = "Thickness"; Value = "2.5mm"; VariantName = "[No Variations]"
Add component (AddParameter): Name = "Tolerance"; Value = "20%"; VariantName = "[No Variations]"
Add component (AddParameter): Name = "Voltage Rating (DC)"; Value = "6.3V"; VariantName = "[No Variations]"
Add component (AddParameter): Name = "Width"; Value = "2.5mm"; VariantName = "[No Variations]"
Added Component: Designator=C_MAIN5(FP-GRM32E-0_3-MFG)
Add component (AddParameter): Name = "Capacitance"; Value = "220uF"; VariantName = "[No Variations]"
Add component (AddParameter): Name = "Dielectric"; Value = "X5R"; VariantName = "[No Variations]"
Add component (AddParameter): Name = "Length"; Value = "3.2mm"; VariantName = "[No Variations]"
Add component (AddParameter): Name = "Thickness"; Value = "2.5mm"; VariantName = "[No Variations]"
Add component (AddParameter): Name = "Tolerance"; Value = "20%"; VariantName = "[No Variations]"
Add component (AddParameter): Name = "Voltage Rating (DC)"; Value = "6.3V"; VariantName = "[No Variations]"
Add component (AddParameter): Name = "Width"; Value = "2.5mm"; VariantName = "[No Variations]"
Added Component: Designator=C_MAIN6(FP-GRM32E-0_3-MFG)
Add component (AddParameter): Name = "Capacitance"; Value = "220uF"; VariantName = "[No Variations]"
Add component (AddParameter): Name = "Dielectric"; Value = "X5R"; VariantName = "[No Variations]"
Add component (AddParameter): Name = "Length"; Value = "3.2mm"; VariantName = "[No Variations]"
Add component (AddParameter): Name = "Thickness"; Value = "2.5mm"; VariantName = "[No Variations]"
Add component (AddParameter): Name = "Tolerance"; Value = "20%"; VariantName = "[No Variations]"
Add component (AddParameter): Name = "Voltage Rating (DC)"; Value = "6.3V"; VariantName = "[No Variations]"
Add component (AddParameter): Name = "Width"; Value = "2.5mm"; VariantName = "[No Variations]"
Added Pin To Net: NetName=SGND Pin=C_MAIN1-2
Added Pin To Net: NetName=SGND Pin=C_MAIN2-2
Added Pin To Net: NetName=SGND Pin=C_MAIN3-2
Added Pin To Net: NetName=SGND Pin=C_MAIN4-2
Added Pin To Net: NetName=SGND Pin=C_MAIN5-2
Added Pin To Net: NetName=SGND Pin=C_MAIN6-2
Added Pin To Net: NetName=NetC_MAIN1_1 Pin=C_MAIN1-1
Added Pin To Net: NetName=NetC_MAIN1_1 Pin=C_MAIN2-1
Added Pin To Net: NetName=NetC_MAIN1_1 Pin=C_MAIN3-1
Added Pin To Net: NetName=NetC_MAIN1_1 Pin=C_MAIN4-1
Added Pin To Net: NetName=NetC_MAIN1_1 Pin=C_MAIN5-1
Added Pin To Net: NetName=NetC_MAIN1_1 Pin=C_MAIN6-1
Added Pin To Net: NetName=NetC_MAIN1_1 Pin=U1-18
Added Net: Name=NetC_MAIN1_1
Added Member To Class: ClassName=Sheet1 Member=Component C_MAIN1 GRM32ER60J227ME05L
Added Member To Class: ClassName=Sheet1 Member=Component C_MAIN2 GRM32ER60J227ME05L
Added Member To Class: ClassName=Sheet1 Member=Component C_MAIN3 GRM32ER60J227ME05L
Added Member To Class: ClassName=Sheet1 Member=Component C_MAIN4 GRM32ER60J227ME05L
Added Member To Class: ClassName=Sheet1 Member=Component C_MAIN5 GRM32ER60J227ME05L
Added Member To Class: ClassName=Sheet1 Member=Component C_MAIN6 GRM32ER60J227ME05L
